{"violations":[],"profile":{"role": "backend", "stack": "generic", "architecture": "clean", "delivery": "tdd", "strictness": "warn", "sources": {"role": "baseline", "stack": "baseline", "architecture": "baseline", "delivery": "baseline", "strictness": "baseline"}, "prompt_summary": "# Active Rule Profile\nrole=backend  stack=generic  architecture=clean\ndelivery=tdd  strictness=warn\n\n## Sources\n  role: baseline\n  stack: baseline\n  architecture: baseline\n  delivery: baseline\n  strictness: baseline\n\n## Immutable Baseline (non-overridable)\n  - no-placeholders: always ON\n  - protected-files: always ON\n  - destructive-confirm: always ON\n  - fail-fast: always ON\n  - verification-before-completion: always ON\n  - explicit-storage-choice: always ON\n\n## Guidance\nFollow clean architecture with tdd delivery.\nStrictness: warn \u2014 findings reported at this level."},"stats":{"files_scanned":5,"checks_run":2,"duration_ms":0}}
rules-check: 0 violations (5 files, 2 checks, 0ms)
